[mt_paths] DataAsset/Vehicles/Vehicles.uasset: using mod override from zzzzz_Arini_ProxyCapEconMTNet_P.pak
[mt_paths] DataAsset/Vehicles/Vehicles_1.uasset: using mod override from zzzzz_Arini_ProxyCapEconMTNet_P.pak
[mt_paths] DataAsset/Vehicles/Vehicles_Ambulance.uasset: using mod override from zzzzz_Arini_ProxyCapEconMTNet_P.pak
[mt_paths] DataAsset/Vehicles/Vehicles_Bike.uasset: using mod override from zzzzz_Arini_ProxyCapEconMTNet_P.pak
[mt_paths] DataAsset/Vehicles/Vehicles_Bus.uasset: using mod override from zzzzz_Arini_ProxyCapEconMTNet_P.pak
[mt_paths] DataAsset/Vehicles/Vehicles_Deprecated.uasset: using mod override from zzzzz_Arini_ProxyCapEconMTNet_P.pak
[mt_paths] DataAsset/Vehicles/Vehicles_Jeep.uasset: using mod override from zzzzz_Arini_ProxyCapEconMTNet_P.pak
[mt_paths] DataAsset/Vehicles/Vehicles_Small.uasset: using mod override from zzzzz_Arini_ProxyCapEconMTNet_P.pak
[mt_paths] DataAsset/Vehicles/Vehicles_Special.uasset: using mod override from zzzzz_Arini_ProxyCapEconMTNet_P.pak
[mt_paths] DataAsset/Vehicles/Vehicles_Test.uasset: using mod override from zzzzz_Arini_ProxyCapEconMTNet_P.pak
[mt_paths] DataAsset/Vehicles/Vehicles_Trailers.uasset: using mod override from zzzzz_Arini_ProxyCapEconMTNet_P.pak
[mt_paths] DataAsset/Vehicles/Vehicles_Truck.uasset: using mod override from zzzzz_Arini_ProxyCapEconMTNet_P.pak
[mt_paths] DataAsset/Vehicles/Vehicles_Van.uasset: using mod override from zzzzz_Arini_ProxyCapEconMTNet_P.pak
[mt_paths] DataAsset/Vehicles/Vehicles_WIP.uasset: using mod override from zzzzz_Arini_ProxyCapEconMTNet_P.pak
[mt_paths] DataAsset/Vehicles/Vehicles_Wrecker.uasset: using mod override from zzzzz_Arini_ProxyCapEconMTNet_P.pak
[mt_paths] DataAsset/Vehicles/Vehicles.uasset: using mod override from zzzzz_Arini_ProxyCapEconMTNet_P.pak
[mt_paths] DataAsset/Vehicles/Vehicles_1.uasset: using mod override from zzzzz_Arini_ProxyCapEconMTNet_P.pak
[mt_paths] DataAsset/Vehicles/Vehicles_Ambulance.uasset: using mod override from zzzzz_Arini_ProxyCapEconMTNet_P.pak
[mt_paths] DataAsset/Vehicles/Vehicles_Bike.uasset: using mod override from zzzzz_Arini_ProxyCapEconMTNet_P.pak
[mt_paths] DataAsset/Vehicles/Vehicles_Bus.uasset: using mod override from zzzzz_Arini_ProxyCapEconMTNet_P.pak
[mt_paths] DataAsset/Vehicles/Vehicles_Deprecated.uasset: using mod override from zzzzz_Arini_ProxyCapEconMTNet_P.pak
[mt_paths] DataAsset/Vehicles/Vehicles_Jeep.uasset: using mod override from zzzzz_Arini_ProxyCapEconMTNet_P.pak
[mt_paths] DataAsset/Vehicles/Vehicles_Small.uasset: using mod override from zzzzz_Arini_ProxyCapEconMTNet_P.pak
[mt_paths] DataAsset/Vehicles/Vehicles_Special.uasset: using mod override from zzzzz_Arini_ProxyCapEconMTNet_P.pak
[mt_paths] DataAsset/Vehicles/Vehicles_Test.uasset: using mod override from zzzzz_Arini_ProxyCapEconMTNet_P.pak
[mt_paths] DataAsset/Vehicles/Vehicles_Trailers.uasset: using mod override from zzzzz_Arini_ProxyCapEconMTNet_P.pak
[mt_paths] DataAsset/Vehicles/Vehicles_Truck.uasset: using mod override from zzzzz_Arini_ProxyCapEconMTNet_P.pak
[mt_paths] DataAsset/Vehicles/Vehicles_Van.uasset: using mod override from zzzzz_Arini_ProxyCapEconMTNet_P.pak
[mt_paths] DataAsset/Vehicles/Vehicles_WIP.uasset: using mod override from zzzzz_Arini_ProxyCapEconMTNet_P.pak
[mt_paths] DataAsset/Vehicles/Vehicles_Wrecker.uasset: using mod override from zzzzz_Arini_ProxyCapEconMTNet_P.pak
[mt_paths] DataAsset/Vehicles/Vehicles.uasset: using mod override from zzzzz_Arini_ProxyCapEconMTNet_P.pak
[mt_paths] DataAsset/Vehicles/Vehicles_1.uasset: using mod override from zzzzz_Arini_ProxyCapEconMTNet_P.pak
[mt_paths] DataAsset/Vehicles/Vehicles_Ambulance.uasset: using mod override from zzzzz_Arini_ProxyCapEconMTNet_P.pak
[mt_paths] DataAsset/Vehicles/Vehicles_Bike.uasset: using mod override from zzzzz_Arini_ProxyCapEconMTNet_P.pak
[mt_paths] DataAsset/Vehicles/Vehicles_Bus.uasset: using mod override from zzzzz_Arini_ProxyCapEconMTNet_P.pak
[mt_paths] DataAsset/Vehicles/Vehicles_Deprecated.uasset: using mod override from zzzzz_Arini_ProxyCapEconMTNet_P.pak
[mt_paths] DataAsset/Vehicles/Vehicles_Jeep.uasset: using mod override from zzzzz_Arini_ProxyCapEconMTNet_P.pak
[mt_paths] DataAsset/Vehicles/Vehicles_Small.uasset: using mod override from zzzzz_Arini_ProxyCapEconMTNet_P.pak
[mt_paths] DataAsset/Vehicles/Vehicles_Special.uasset: using mod override from zzzzz_Arini_ProxyCapEconMTNet_P.pak
[mt_paths] DataAsset/Vehicles/Vehicles_Test.uasset: using mod override from zzzzz_Arini_ProxyCapEconMTNet_P.pak
[mt_paths] DataAsset/Vehicles/Vehicles_Trailers.uasset: using mod override from zzzzz_Arini_ProxyCapEconMTNet_P.pak
[mt_paths] DataAsset/Vehicles/Vehicles_Truck.uasset: using mod override from zzzzz_Arini_ProxyCapEconMTNet_P.pak
[mt_paths] DataAsset/Vehicles/Vehicles_Van.uasset: using mod override from zzzzz_Arini_ProxyCapEconMTNet_P.pak
[mt_paths] DataAsset/Vehicles/Vehicles_WIP.uasset: using mod override from zzzzz_Arini_ProxyCapEconMTNet_P.pak
[mt_paths] DataAsset/Vehicles/Vehicles_Wrecker.uasset: using mod override from zzzzz_Arini_ProxyCapEconMTNet_P.pak
[mt_paths] DataAsset/Vehicles/Vehicles.uasset: using mod override from zzzzz_Arini_ProxyCapEconMTNet_P.pak
[mt_paths] DataAsset/Vehicles/Vehicles_1.uasset: using mod override from zzzzz_Arini_ProxyCapEconMTNet_P.pak
[mt_paths] DataAsset/Vehicles/Vehicles_Ambulance.uasset: using mod override from zzzzz_Arini_ProxyCapEconMTNet_P.pak
[mt_paths] DataAsset/Vehicles/Vehicles_Bike.uasset: using mod override from zzzzz_Arini_ProxyCapEconMTNet_P.pak
[mt_paths] DataAsset/Vehicles/Vehicles_Bus.uasset: using mod override from zzzzz_Arini_ProxyCapEconMTNet_P.pak
[mt_paths] DataAsset/Vehicles/Vehicles_Deprecated.uasset: using mod override from zzzzz_Arini_ProxyCapEconMTNet_P.pak
[mt_paths] DataAsset/Vehicles/Vehicles_Jeep.uasset: using mod override from zzzzz_Arini_ProxyCapEconMTNet_P.pak
[mt_paths] DataAsset/Vehicles/Vehicles_Small.uasset: using mod override from zzzzz_Arini_ProxyCapEconMTNet_P.pak
[mt_paths] DataAsset/Vehicles/Vehicles_Special.uasset: using mod override from zzzzz_Arini_ProxyCapEconMTNet_P.pak
[mt_paths] DataAsset/Vehicles/Vehicles_Test.uasset: using mod override from zzzzz_Arini_ProxyCapEconMTNet_P.pak
[mt_paths] DataAsset/Vehicles/Vehicles_Trailers.uasset: using mod override from zzzzz_Arini_ProxyCapEconMTNet_P.pak
[mt_paths] DataAsset/Vehicles/Vehicles_Truck.uasset: using mod override from zzzzz_Arini_ProxyCapEconMTNet_P.pak
[mt_paths] DataAsset/Vehicles/Vehicles_Van.uasset: using mod override from zzzzz_Arini_ProxyCapEconMTNet_P.pak
[mt_paths] DataAsset/Vehicles/Vehicles_WIP.uasset: using mod override from zzzzz_Arini_ProxyCapEconMTNet_P.pak
[mt_paths] DataAsset/Vehicles/Vehicles_Wrecker.uasset: using mod override from zzzzz_Arini_ProxyCapEconMTNet_P.pak
[mt_paths] DataAsset/FX.uasset: using mod override from zzzzz_Arini_ProxyCapEconMTNet_P.pak
[mt_paths] DataAsset/FX.uasset: using mod override from zzzzz_Arini_ProxyCapEconMTNet_P.pak
Could Not Find D:\MTLiveMap\*.bak

  5 compat pak(s) older than the base. Their Mod* classes were generated against an earlier map, and they mount last so they win. NOT known to be fatal on its own -- clear it before blaming anything subtler.
  Rebuild them: build.bat --layer capitalist / --layer proxy / --layer proxy_capitalist / --layer capitalist_mtnet / --layer proxy_capitalist_mtnet
